{
    "Verify that MAG-assembly pairs are valid - stub": {
        "content": [
            {
                "0": [
                    [
                        {
                            "id": "test"
                        },
                        "test.verified.tsv:md5,d41d8cd98f00b204e9800998ecf8427e"
                    ]
                ],
                "1": [
                    "test.invalid.tsv:md5,d41d8cd98f00b204e9800998ecf8427e"
                ],
                "2": [
                    "test.err:md5,d41d8cd98f00b204e9800998ecf8427e"
                ],
                "error_log": [
                    "test.err:md5,d41d8cd98f00b204e9800998ecf8427e"
                ],
                "invalid_pairs": [
                    "test.invalid.tsv:md5,d41d8cd98f00b204e9800998ecf8427e"
                ],
                "verified_pairs": [
                    [
                        {
                            "id": "test"
                        },
                        "test.verified.tsv:md5,d41d8cd98f00b204e9800998ecf8427e"
                    ]
                ]
            }
        ],
        "meta": {
            "nf-test": "0.9.0",
            "nextflow": "25.04.1"
        },
        "timestamp": "2026-01-08T12:00:54.057082"
    }
}
