{
    "Find assemblies for the test list of accessions": {
        "content": [
            {
                "0": [
                    [
                        {
                            "id": "batch.1"
                        },
                        [
                            "batch.1.links.tsv:md5,4cd03cb14fb580dbd3368db950065ccc",
                            "batch.1.not_linked.tsv:md5,da5dffc493f4af98563c545957f180a1"
                        ]
                    ],
                    [
                        {
                            "id": "batch.2"
                        },
                        [
                            "batch.2.links.tsv:md5,99dac922828be77a7120f3f42c313af5",
                            "batch.2.not_linked.tsv:md5,41c60ecf190dc2e2e97879b0b4787e32"
                        ]
                    ],
                    [
                        {
                            "id": "batch.3"
                        },
                        [
                            "batch.3.links.tsv:md5,63742a78a8f76946289cc64b24768737",
                            "batch.3.not_linked.tsv:md5,d41d8cd98f00b204e9800998ecf8427e"
                        ]
                    ]
                ],
                "genome_to_assemblies_mapping": [
                    [
                        {
                            "id": "batch.1"
                        },
                        [
                            "batch.1.links.tsv:md5,4cd03cb14fb580dbd3368db950065ccc",
                            "batch.1.not_linked.tsv:md5,da5dffc493f4af98563c545957f180a1"
                        ]
                    ],
                    [
                        {
                            "id": "batch.2"
                        },
                        [
                            "batch.2.links.tsv:md5,99dac922828be77a7120f3f42c313af5",
                            "batch.2.not_linked.tsv:md5,41c60ecf190dc2e2e97879b0b4787e32"
                        ]
                    ],
                    [
                        {
                            "id": "batch.3"
                        },
                        [
                            "batch.3.links.tsv:md5,63742a78a8f76946289cc64b24768737",
                            "batch.3.not_linked.tsv:md5,d41d8cd98f00b204e9800998ecf8427e"
                        ]
                    ]
                ]
            }
        ],
        "meta": {
            "nf-test": "0.9.0",
            "nextflow": "25.04.1"
        },
        "timestamp": "2025-08-19T12:08:21.970119"
    }
}
