{
    "Find assemblies for the test list of accessions": {
        "content": [
            {
                "0": [
                    [
                        {
                            "id": "batch.1"
                        },
                        "batch.1.mapped_pairs.tsv:md5,99dac922828be77a7120f3f42c313af5"
                    ],
                    [
                        {
                            "id": "batch.2"
                        },
                        "batch.2.mapped_pairs.tsv:md5,89e7ac40de9ffd3dadd6fc37078d7bb4"
                    ]
                ],
                "1": [
                    "batch.1.no_assembly.tsv:md5,26e7ccff15d5be570607633b3fd27682",
                    "batch.2.no_assembly.tsv:md5,e533757a0bf459952f63cfc075c7ff8c"
                ],
                "2": [
                    "batch.1.err:md5,d41d8cd98f00b204e9800998ecf8427e",
                    "batch.2.err:md5,d41d8cd98f00b204e9800998ecf8427e"
                ],
                "error_log": [
                    "batch.1.err:md5,d41d8cd98f00b204e9800998ecf8427e",
                    "batch.2.err:md5,d41d8cd98f00b204e9800998ecf8427e"
                ],
                "no_assembly_found": [
                    "batch.1.no_assembly.tsv:md5,26e7ccff15d5be570607633b3fd27682",
                    "batch.2.no_assembly.tsv:md5,e533757a0bf459952f63cfc075c7ff8c"
                ],
                "tsv_mapping": [
                    [
                        {
                            "id": "batch.1"
                        },
                        "batch.1.mapped_pairs.tsv:md5,99dac922828be77a7120f3f42c313af5"
                    ],
                    [
                        {
                            "id": "batch.2"
                        },
                        "batch.2.mapped_pairs.tsv:md5,89e7ac40de9ffd3dadd6fc37078d7bb4"
                    ]
                ]
            }
        ],
        "meta": {
            "nf-test": "0.9.0",
            "nextflow": "25.04.1"
        },
        "timestamp": "2025-09-12T16:37:33.124045"
    },
    "Find assemblies for the test list of accessions - stub": {
        "content": [
            {
                "0": [
                    [
                        {
                            "id": "batch.1"
                        },
                        "batch.1.mapped_pairs.tsv:md5,d41d8cd98f00b204e9800998ecf8427e"
                    ],
                    [
                        {
                            "id": "batch.2"
                        },
                        "batch.2.mapped_pairs.tsv:md5,d41d8cd98f00b204e9800998ecf8427e"
                    ]
                ],
                "1": [
                    "batch.1.no_assembly.tsv:md5,d41d8cd98f00b204e9800998ecf8427e",
                    "batch.2.no_assembly.tsv:md5,d41d8cd98f00b204e9800998ecf8427e"
                ],
                "2": [
                    "batch.1.err:md5,d41d8cd98f00b204e9800998ecf8427e",
                    "batch.2.err:md5,d41d8cd98f00b204e9800998ecf8427e"
                ],
                "error_log": [
                    "batch.1.err:md5,d41d8cd98f00b204e9800998ecf8427e",
                    "batch.2.err:md5,d41d8cd98f00b204e9800998ecf8427e"
                ],
                "no_assembly_found": [
                    "batch.1.no_assembly.tsv:md5,d41d8cd98f00b204e9800998ecf8427e",
                    "batch.2.no_assembly.tsv:md5,d41d8cd98f00b204e9800998ecf8427e"
                ],
                "tsv_mapping": [
                    [
                        {
                            "id": "batch.1"
                        },
                        "batch.1.mapped_pairs.tsv:md5,d41d8cd98f00b204e9800998ecf8427e"
                    ],
                    [
                        {
                            "id": "batch.2"
                        },
                        "batch.2.mapped_pairs.tsv:md5,d41d8cd98f00b204e9800998ecf8427e"
                    ]
                ]
            }
        ],
        "meta": {
            "nf-test": "0.9.0",
            "nextflow": "25.04.1"
        },
        "timestamp": "2025-08-20T12:05:33.853257"
    }
}
